---
source: rholang-parser/tests/golden.rs
expression: result
---
Good(
    [
        AnnProc {
            proc: New {
                decls: [
                    NameDecl {
                        id: Id {
                            name: "stdout",
                            pos: SourcePos {
                                line: 2,
                                col: 5,
                            },
                        },
                        uri: Some(
                            Uri(
                                "rho:io:stdout",
                            ),
                        ),
                    },
                ],
                proc: AnnProc {
                    proc: Par {
                        left: AnnProc {
                            proc: Send {
                                channel: AnnName {
                                    name: ProcVar(
                                        Id(
                                            Id {
                                                name: "stdout",
                                                pos: SourcePos {
                                                    line: 5,
                                                    col: 3,
                                                },
                                            },
                                        ),
                                    ),
                                    span: SourceSpan {
                                        start: SourcePos {
                                            line: 5,
                                            col: 3,
                                        },
                                        end: SourcePos {
                                            line: 5,
                                            col: 9,
                                        },
                                    },
                                },
                                send_type: Single,
                                inputs: [
                                    AnnProc {
                                        proc: Method {
                                            receiver: AnnProc {
                                                proc: Collection(
                                                    Tuple(
                                                        [
                                                            AnnProc {
                                                                proc: LongLiteral(
                                                                    1,
                                                                ),
                                                                span: SourceSpan {
                                                                    start: SourcePos {
                                                                        line: 5,
                                                                        col: 12,
                                                                    },
                                                                    end: SourcePos {
                                                                        line: 5,
                                                                        col: 13,
                                                                    },
                                                                },
                                                            },
                                                            AnnProc {
                                                                proc: LongLiteral(
                                                                    2,
                                                                ),
                                                                span: SourceSpan {
                                                                    start: SourcePos {
                                                                        line: 5,
                                                                        col: 14,
                                                                    },
                                                                    end: SourcePos {
                                                                        line: 5,
                                                                        col: 15,
                                                                    },
                                                                },
                                                            },
                                                            AnnProc {
                                                                proc: LongLiteral(
                                                                    3,
                                                                ),
                                                                span: SourceSpan {
                                                                    start: SourcePos {
                                                                        line: 5,
                                                                        col: 16,
                                                                    },
                                                                    end: SourcePos {
                                                                        line: 5,
                                                                        col: 17,
                                                                    },
                                                                },
                                                            },
                                                        ],
                                                    ),
                                                ),
                                                span: SourceSpan {
                                                    start: SourcePos {
                                                        line: 5,
                                                        col: 11,
                                                    },
                                                    end: SourcePos {
                                                        line: 5,
                                                        col: 18,
                                                    },
                                                },
                                            },
                                            name: Id {
                                                name: "nth",
                                                pos: SourcePos {
                                                    line: 5,
                                                    col: 19,
                                                },
                                            },
                                            args: [
                                                AnnProc {
                                                    proc: LongLiteral(
                                                        1,
                                                    ),
                                                    span: SourceSpan {
                                                        start: SourcePos {
                                                            line: 5,
                                                            col: 23,
                                                        },
                                                        end: SourcePos {
                                                            line: 5,
                                                            col: 24,
                                                        },
                                                    },
                                                },
                                            ],
                                        },
                                        span: SourceSpan {
                                            start: SourcePos {
                                                line: 5,
                                                col: 11,
                                            },
                                            end: SourcePos {
                                                line: 5,
                                                col: 25,
                                            },
                                        },
                                    },
                                ],
                            },
                            span: SourceSpan {
                                start: SourcePos {
                                    line: 5,
                                    col: 3,
                                },
                                end: SourcePos {
                                    line: 5,
                                    col: 26,
                                },
                            },
                        },
                        right: AnnProc {
                            proc: Send {
                                channel: AnnName {
                                    name: ProcVar(
                                        Id(
                                            Id {
                                                name: "stdout",
                                                pos: SourcePos {
                                                    line: 8,
                                                    col: 5,
                                                },
                                            },
                                        ),
                                    ),
                                    span: SourceSpan {
                                        start: SourcePos {
                                            line: 8,
                                            col: 5,
                                        },
                                        end: SourcePos {
                                            line: 8,
                                            col: 11,
                                        },
                                    },
                                },
                                send_type: Single,
                                inputs: [
                                    AnnProc {
                                        proc: Method {
                                            receiver: AnnProc {
                                                proc: Collection(
                                                    Tuple(
                                                        [
                                                            AnnProc {
                                                                proc: LongLiteral(
                                                                    1,
                                                                ),
                                                                span: SourceSpan {
                                                                    start: SourcePos {
                                                                        line: 8,
                                                                        col: 14,
                                                                    },
                                                                    end: SourcePos {
                                                                        line: 8,
                                                                        col: 15,
                                                                    },
                                                                },
                                                            },
                                                            AnnProc {
                                                                proc: LongLiteral(
                                                                    2,
                                                                ),
                                                                span: SourceSpan {
                                                                    start: SourcePos {
                                                                        line: 8,
                                                                        col: 16,
                                                                    },
                                                                    end: SourcePos {
                                                                        line: 8,
                                                                        col: 17,
                                                                    },
                                                                },
                                                            },
                                                            AnnProc {
                                                                proc: LongLiteral(
                                                                    3,
                                                                ),
                                                                span: SourceSpan {
                                                                    start: SourcePos {
                                                                        line: 8,
                                                                        col: 18,
                                                                    },
                                                                    end: SourcePos {
                                                                        line: 8,
                                                                        col: 19,
                                                                    },
                                                                },
                                                            },
                                                        ],
                                                    ),
                                                ),
                                                span: SourceSpan {
                                                    start: SourcePos {
                                                        line: 8,
                                                        col: 13,
                                                    },
                                                    end: SourcePos {
                                                        line: 8,
                                                        col: 20,
                                                    },
                                                },
                                            },
                                            name: Id {
                                                name: "toList",
                                                pos: SourcePos {
                                                    line: 8,
                                                    col: 21,
                                                },
                                            },
                                            args: [],
                                        },
                                        span: SourceSpan {
                                            start: SourcePos {
                                                line: 8,
                                                col: 13,
                                            },
                                            end: SourcePos {
                                                line: 8,
                                                col: 29,
                                            },
                                        },
                                    },
                                ],
                            },
                            span: SourceSpan {
                                start: SourcePos {
                                    line: 8,
                                    col: 5,
                                },
                                end: SourcePos {
                                    line: 8,
                                    col: 30,
                                },
                            },
                        },
                    },
                    span: SourceSpan {
                        start: SourcePos {
                            line: 5,
                            col: 3,
                        },
                        end: SourcePos {
                            line: 8,
                            col: 30,
                        },
                    },
                },
            },
            span: SourceSpan {
                start: SourcePos {
                    line: 2,
                    col: 1,
                },
                end: SourcePos {
                    line: 9,
                    col: 2,
                },
            },
        },
    ],
)
